Archive member included because of file (symbol)

O:\fehqt\Proteus/EWL/lib/armv7e-m\libc.a(sprintf.o)
                              Libraries\FEHLCD.o (sprintf)
O:\fehqt\Proteus/EWL/lib/armv7e-m\libc.a(vsnprintf.o)
                              O:\fehqt\Proteus/EWL/lib/armv7e-m\libc.a(sprintf.o) (vsnprintf)
O:\fehqt\Proteus/EWL/lib/armv7e-m\libc.a(exit.o)
                              Startup\__arm_start.o (exit)
O:\fehqt\Proteus/EWL/lib/armv7e-m\libc.a(memcpy.o)
                              O:\fehqt\Proteus/EWL/lib/armv7e-m\libc.a(vsnprintf.o) (memcpy)
O:\fehqt\Proteus/EWL/lib/armv7e-m\libc.a(memset.o)
                              Startup\__arm_start.o (memset)
O:\fehqt\Proteus/EWL/lib/armv7e-m\libc.a(strcmp.o)
                              Libraries\FEHLCD.o (strcmp)
O:\fehqt\Proteus/EWL/lib/armv7e-m\libc.a(strcpy.o)
                              Libraries\FEHLCD.o (strcpy)
O:\fehqt\Proteus/EWL/lib/armv7e-m\libc.a(strlen.o)
                              Libraries\FEHLCD.o (strlen)
O:\fehqt\Proteus/EWL/lib/armv7e-m\libc.a(printformat_.o)
                              (__pformatter_)
O:\fehqt\Proteus/EWL/lib/armv7e-m\libc.a(scanformat_.o)
                              (__sformatter)
O:\fehqt\Proteus/EWL/lib/armv7e-m\libc.a(ctype_aeabi.o)
                              O:\fehqt\Proteus/EWL/lib/armv7e-m\libc.a(scanformat_.o) (isspace)
O:\fehqt\Proteus/EWL/lib/armv7e-m\libc.a(__strtoul.o)
                              O:\fehqt\Proteus/EWL/lib/armv7e-m\libc.a(scanformat_.o) (__strtoul)
O:\fehqt\Proteus/EWL/lib/armv7e-m\libc.a(__filll_mem.o)
                              O:\fehqt\Proteus/EWL/lib/armv7e-m\libc.a(memset.o) (__fill_mem)
O:\fehqt\Proteus/EWL/lib/armv7e-m\libc.a(memchr.o)
                              O:\fehqt\Proteus/EWL/lib/armv7e-m\libc.a(printformat_.o) (memchr)
O:\fehqt\Proteus/EWL/lib/armv7e-m\libc.a(strchr.o)
                              O:\fehqt\Proteus/EWL/lib/armv7e-m\libc.a(printformat_.o) (strchr)
o:/fehqt/proteus/gcc/bin/../lib/gcc/arm-none-eabi/4.6.2/armv7e-m\libgcc.a(_arm_addsubdf3.o)
                              Libraries\FEHLCD.o (__aeabi_dsub)
o:/fehqt/proteus/gcc/bin/../lib/gcc/arm-none-eabi/4.6.2/armv7e-m\libgcc.a(_arm_muldivdf3.o)
                              Libraries\FEHMotor.o (__aeabi_dmul)
o:/fehqt/proteus/gcc/bin/../lib/gcc/arm-none-eabi/4.6.2/armv7e-m\libgcc.a(_arm_cmpdf2.o)
                              Drivers\ff.o (__aeabi_dcmplt)
o:/fehqt/proteus/gcc/bin/../lib/gcc/arm-none-eabi/4.6.2/armv7e-m\libgcc.a(_arm_fixdfsi.o)
                              Libraries\FEHMotor.o (__aeabi_d2iz)
o:/fehqt/proteus/gcc/bin/../lib/gcc/arm-none-eabi/4.6.2/armv7e-m\libgcc.a(_arm_fixunsdfsi.o)
                              Libraries\FEHUtility.o (__aeabi_d2uiz)
o:/fehqt/proteus/gcc/bin/../lib/gcc/arm-none-eabi/4.6.2/armv7e-m\libgcc.a(_arm_truncdfsf2.o)
                              Libraries\FEHMotor.o (__aeabi_d2f)
o:/fehqt/proteus/gcc/bin/../lib/gcc/arm-none-eabi/4.6.2/armv7e-m\libgcc.a(_arm_addsubsf3.o)
                              Libraries\FEHLCD.o (__aeabi_fsub)
o:/fehqt/proteus/gcc/bin/../lib/gcc/arm-none-eabi/4.6.2/armv7e-m\libgcc.a(_arm_muldivsf3.o)
                              Drivers\mcg.o (__aeabi_fmul)
o:/fehqt/proteus/gcc/bin/../lib/gcc/arm-none-eabi/4.6.2/armv7e-m\libgcc.a(_arm_cmpsf2.o)
                              Libraries\FEHServo.o (__aeabi_fcmpeq)
o:/fehqt/proteus/gcc/bin/../lib/gcc/arm-none-eabi/4.6.2/armv7e-m\libgcc.a(_arm_fixsfsi.o)
                              Libraries\FEHLCD.o (__aeabi_f2iz)
o:/fehqt/proteus/gcc/bin/../lib/gcc/arm-none-eabi/4.6.2/armv7e-m\libgcc.a(_arm_fixunssfsi.o)
                              Drivers\mcg.o (__aeabi_f2uiz)
O:\fehqt\Proteus/EWL/lib/armv7e-m\librt.a(gcc_ctor_dtor.o)
                              Startup\__arm_start.o (__init_cpp)
O:\fehqt\Proteus/EWL/lib/armv7e-m\librt.a(ROMCopy.o)
                              Startup\__arm_start.o (__copy_rom_sections_to_ram)
O:\fehqt\Proteus/EWL/lib/armv7e-m\librt.a(__arm_eabi_init.o)
                              O:\fehqt\Proteus/EWL/lib/armv7e-m\libc.a(exit.o) (__destroy_global_chain)
O:\fehqt\Proteus/EWL/lib/armv7e-m\librt.a(New.o)
                              Libraries\FEHIO.o (operator new(unsigned int))
o:/fehqt/proteus/gcc/bin/../lib/gcc/arm-none-eabi/4.6.2/../../../../arm-none-eabi/lib/armv7e-m\libsupc++.a(class_type_info.o)
                              O:\fehqt\Proteus/EWL/lib/armv7e-m\librt.a(New.o) (vtable for __cxxabiv1::__class_type_info)
o:/fehqt/proteus/gcc/bin/../lib/gcc/arm-none-eabi/4.6.2/../../../../arm-none-eabi/lib/armv7e-m\libsupc++.a(eh_alloc.o)
                              O:\fehqt\Proteus/EWL/lib/armv7e-m\librt.a(New.o) (__cxa_allocate_exception)
o:/fehqt/proteus/gcc/bin/../lib/gcc/arm-none-eabi/4.6.2/../../../../arm-none-eabi/lib/armv7e-m\libsupc++.a(eh_arm.o)
                              O:\fehqt\Proteus/EWL/lib/armv7e-m\librt.a(New.o) (__cxa_end_cleanup)
[...]
Memory Configuration

Name             Origin             Length             Attributes
m_interrupts     0x0000c000         0x00000400         xr
m_cfmprotrom     0x0000c400         0x00000010         xr
m_text           0x0000c410         0x00073bf0         xr
m_data           0x1fff0400         0x0000fc00         xrw
m_data2          0x20000000         0x00010000         xrw
*default*        0x00000000         0xffffffff

Linker script and memory map

LOAD ..\main.o
LOAD Startup\__arm_start.o
LOAD Startup\__arm_end.o
LOAD Startup\kinetis_sysinit.o
LOAD Libraries\FEHMotor.o
LOAD Drivers\mcg.o
LOAD Drivers\i2c.o
LOAD Drivers\spi.o
LOAD Drivers\uart.o
LOAD Drivers\ff.o
LOAD Drivers\SDHC.o
LOAD Drivers\lptmr.o
LOAD FEHProteus.o
LOAD Drivers\FEHPropeller.o
LOAD Libraries\FEHUtility.o
LOAD Libraries\FEHIO.o
LOAD Drivers\adc16.o
LOAD Libraries\FEHBuzzer.o
LOAD Libraries\FEHServo.o
LOAD Libraries\FEHLCD.o
LOAD Libraries\FEHAccel.o
LOAD Libraries\FEHBattery.o
LOAD Drivers\FEHXBee.o
LOAD Libraries\FEHRPS.o
LOAD Libraries\FEHSD.o
                0x000138bc                __pformatter = __pformatter_
                [0x00013cb4]                __sformatter = __sformatter
LOAD O:\fehqt\Proteus/EWL/lib/armv7e-m\libstdc++.a
LOAD O:\fehqt\Proteus/EWL/lib/armv7e-m\libm.a
START GROUP
LOAD O:\fehqt\Proteus/EWL/lib/armv7e-m\libc.a
LOAD O:\fehqt\Proteus/EWL/lib/armv7e-m\libc++.a
LOAD O:\fehqt\Proteus/EWL/lib/armv7e-m\libm.a
LOAD o:/fehqt/proteus/gcc/bin/../lib/gcc/arm-none-eabi/4.6.2/armv7e-m\libgcc.a
LOAD O:\fehqt\Proteus/EWL/lib/armv7e-m\librt.a
LOAD o:/fehqt/proteus/gcc/bin/../lib/gcc/arm-none-eabi/4.6.2/../../../../arm-none-eabi/lib/armv7e-m\libsupc++.a
END GROUP
                0x20000000                _estack = 0x20000000
                0x20000000                __SP_INIT = _estack
                0x00000800                __heap_size = 0x800
                0x00000800                __stack_size = 0x800

.interrupts     0x0000c000      0x1e0
                0x0000c000                __vector_table = .
                0x0000c000                . = ALIGN (0x4)
 *(.vectortable)
 .vectortable   0x0000c000      0x1e0 Startup\kinetis_sysinit.o
                0x0000c1e0                . = ALIGN (0x4)

.cfmprotect     0x0000c400        0x0
                0x0000c400                . = ALIGN (0x4)
 *(.cfmconfig)
                0x0000c400                . = ALIGN (0x4)

.text           0x0000c410     0x8868
                0x0000c410                . = ALIGN (0x4)
 *(.text)
 .text          0x0000c410      0x370 o:/fehqt/proteus/gcc/bin/../lib/gcc/arm-none-eabi/4.6.2/armv7e-m\libgcc.a(_arm_addsubdf3.o)
                0x0000c410                __aeabi_drsub
                0x0000c418                __aeabi_dsub
                0x0000c418                __subdf3
                0x0000c41c                __aeabi_dadd
                0x0000c41c                __adddf3
                0x0000c694                __floatunsidf
                0x0000c694                __aeabi_ui2d
                0x0000c6b4                __floatsidf
                0x0000c6b4                __aeabi_i2d
                0x0000c6d8                __aeabi_f2d
                0x0000c6d8                __extendsfdf2
                0x0000c714                __floatundidf
                0x0000c714                __aeabi_ul2d
                0x0000c724                __floatdidf
                0x0000c724                __aeabi_l2d
 .text          0x0000c780      0x424 o:/fehqt/proteus/gcc/bin/../lib/gcc/arm-none-eabi/4.6.2/armv7e-m\libgcc.a(_arm_muldivdf3.o)
                0x0000c780                __aeabi_dmul
                0x0000c780                __muldf3
                0x0000c9d4                __divdf3
                0x0000c9d4                __aeabi_ddiv
 .text          0x0000cba4       0x50 o:/fehqt/proteus/gcc/bin/../lib/gcc/arm-none-eabi/4.6.2/armv7e-m\libgcc.a(_arm_fixdfsi.o)
                0x0000cba4                __aeabi_d2iz
                0x0000cba4                __fixdfsi
 .text          0x0000cbf4       0x40 o:/fehqt/proteus/gcc/bin/../lib/gcc/arm-none-eabi/4.6.2/armv7e-m\libgcc.a(_arm_fixunsdfsi.o)
                0x0000cbf4                __aeabi_d2uiz
                0x0000cbf4                __fixunsdfsi
 .text          0x0000cc34       0xa0 o:/fehqt/proteus/gcc/bin/../lib/gcc/arm-none-eabi/4.6.2/armv7e-m\libgcc.a(_arm_truncdfsf2.o)
                0x0000cc34                __truncdfsf2
                0x0000cc34                __aeabi_d2f
 .text          0x0000ccd4      0x21c o:/fehqt/proteus/gcc/bin/../lib/gcc/arm-none-eabi/4.6.2/armv7e-m\libgcc.a(_arm_addsubsf3.o)
                0x0000ccd4                __aeabi_frsub
                0x0000ccdc                __subsf3
                0x0000ccdc                __aeabi_fsub
                0x0000cce0                __aeabi_fadd
                0x0000cce0                __addsf3
                0x0000ce40                __aeabi_ui2f
                0x0000ce40                __floatunsisf
                0x0000ce48                __aeabi_i2f
                0x0000ce48                __floatsisf
                0x0000ce64                __aeabi_ul2f
                0x0000ce64                __floatundisf
                0x0000ce74                __aeabi_l2f
                0x0000ce74                __floatdisf
 .text          0x0000cef0      0x2a0 o:/fehqt/proteus/gcc/bin/../lib/gcc/arm-none-eabi/4.6.2/armv7e-m\libgcc.a(_arm_muldivsf3.o)
                0x0000cef0                __mulsf3
                0x0000cef0                __aeabi_fmul
                0x0000d058                __aeabi_fdiv
                0x0000d058                __divsf3
 .text          0x0000d190       0xec o:/fehqt/proteus/gcc/bin/../lib/gcc/arm-none-eabi/4.6.2/armv7e-m\libgcc.a(_arm_cmpsf2.o)
                0x0000d190                __gesf2
                0x0000d190                __gtsf2
                0x0000d198                __lesf2
                0x0000d198                __ltsf2
                0x0000d1a0                __nesf2
                0x0000d1a0                __eqsf2
                0x0000d1a0                __cmpsf2
                0x0000d200                __aeabi_cfrcmple
                0x0000d208                __aeabi_cfcmpeq
                0x0000d208                __aeabi_cfcmple
                0x0000d218                __aeabi_fcmpeq
                0x0000d22c                __aeabi_fcmplt
                0x0000d240                __aeabi_fcmple
                0x0000d254                __aeabi_fcmpge
                0x0000d268                __aeabi_fcmpgt
 .text          0x0000d27c       0x40 o:/fehqt/proteus/gcc/bin/../lib/gcc/arm-none-eabi/4.6.2/armv7e-m\libgcc.a(_arm_fixunssfsi.o)
                0x0000d27c                __fixunssfsi
                0x0000d27c                __aeabi_f2uiz
 *(.text*)
 .text.main     0x0000d2bc       0xdc ..\main.o
                0x0000d2bc                main
 .text._Z13driveStraightif
                0x0000d398       0x5c ..\main.o
                0x0000d398                driveStraight(int, float)
 .text._Z7stopAllv
                0x0000d3f4       0x20 ..\main.o
                0x0000d3f4                stopAll()
 .text._Z41__static_initialization_and_destruction_0ii
                0x0000d414       0x8c ..\main.o
 .text._GLOBAL__sub_I_magnet
                0x0000d4a0       0x14 ..\main.o
 .text.zero_fill_bss
                0x0000d4b4       0x34 Startup\__arm_start.o
 .text.__thumb_startup
                0x0000d4e8       0x34 Startup\__arm_start.o
                0x0000d4e8                __thumb_startup
 .text.InitFEHProteus
                0x0000d51c      0x15c Startup\__arm_start.o
                0x0000d51c                InitFEHProteus
 .text.pll_init_bl
                0x0000d678      0x130 Startup\__arm_start.o
 .text.InitPowerButton
                0x0000d7a8       0x90 Startup\__arm_start.o
                0x0000d7a8                InitPowerButton
 .text._ExitProcess
                0x0000d838        0xc Startup\__arm_end.o
                0x0000d838                _ExitProcess
 .text.Default_Handler
                0x0000d844        0xc Startup\kinetis_sysinit.o
                0x0000d844                BusFault_Handler()
                0x0000d844                HardFault_Handler()
                0x0000d844                SysTick_Handler()
                0x0000d844                PendSV_Handler()
                0x0000d844                DebugMonitor_Handler()
                0x0000d844                MemManage_Handler()
                0x0000d844                NMI_Handler()
                0x0000d844                SVC_Handler()
                0x0000d844                Default_Handler
                0x0000d844                UsageFault_Handler()
 .text.__init_hardware
                0x0000d850       0x44 Startup\kinetis_sysinit.o
                0x0000d850                __init_hardware
 .text._Z8PortDISRv
                0x0000d894       0x64 Startup\kinetis_sysinit.o
                0x0000d894                PortDISR()
 .text._ZN8FEHMotorC2ENS_12FEHMotorPortEf
                0x0000d8f8       0xb0 Libraries\FEHMotor.o
                0x0000d8f8                FEHMotor::FEHMotor(FEHMotor::FEHMotorPort, float)
                0x0000d8f8                FEHMotor::FEHMotor(FEHMotor::FEHMotorPort, float)
 .text._ZN8FEHMotor4StopEv
                0x0000d9a8       0x3c Libraries\FEHMotor.o
                0x0000d9a8                FEHMotor::Stop()
 .text._ZN8FEHMotor8SetPowerEi
                0x0000d9e4       0x60 Libraries\FEHMotor.o
                0x0000d9e4                FEHMotor::SetPower(int)
 *fill*         0x0000da44        0x4 00
 .text._ZN8FEHMotor10SetPercentEf
                0x0000da48      0x158 Libraries\FEHMotor.o
                0x0000da48                FEHMotor::SetPercent(float)
 .text._Z21IIC_StartTransmissionhh
                0x0000dba0       0x98 Drivers\i2c.o
                0x0000dba0                IIC_StartTransmission(unsigned char, unsigned char)
 .text._Z5Pausev
                0x0000dc38       0x34 Drivers\i2c.o
                0x0000dc38                Pause()
 .text._Z21MMA8451QWriteRegisterhh
                0x0000dc6c      0x12c Drivers\i2c.o
                0x0000dc6c                MMA8451QWriteRegister(unsigned char, unsigned char)
 .text._Z12SPI_SendCharh
                0x0000dd98       0x1c Drivers\spi.o
                0x0000dd98                SPI_SendChar(unsigned char)
 .text._Z16SPI_WriteCommandhh
                0x0000ddb4       0x34 Drivers\spi.o
                0x0000ddb4                SPI_WriteCommand(unsigned char, unsigned char)
 .text._Z13SPI_CS_Assertv
                0x0000dde8       0x24 Drivers\spi.o
                0x0000dde8                SPI_CS_Assert()
 .text._Z15SPI_CS_Deassertv
                0x0000de0c       0x24 Drivers\spi.o
                0x0000de0c                SPI_CS_Deassert()
 .text._Z12SPI_Transferh
                0x0000de30       0x88 Drivers\spi.o
                0x0000de30                SPI_Transfer(unsigned char)
 .text._Z8SPI_Initv
                0x0000deb8       0xe8 Drivers\spi.o
                0x0000deb8                SPI_Init()
 .text._Z9uart_initPV11UART_MemMapii
                0x0000dfa0      0x20c Drivers\uart.o
                0x0000dfa0                uart_init(UART_MemMap volatile*, int, int)
 .text._Z12uart_getcharPV11UART_MemMap
                0x0000e1ac       0x34 Drivers\uart.o
                0x0000e1ac                uart_getchar(UART_MemMap volatile*)
 .text._Z12uart_putcharPV11UART_MemMapc
                0x0000e1e0       0x38 Drivers\uart.o
                0x0000e1e0                uart_putchar(UART_MemMap volatile*, char)
 .text._ZL7mem_setPvij
                0x0000e218       0x44 Drivers\ff.o
 .text._ZL11move_windowP5FATFSm
                0x0000e25c       0xf0 Drivers\ff.o
 .text._ZL4syncP5FATFS
                0x0000e34c      0x188 Drivers\ff.o
 .text._ZL8validateP5FATFSt
                0x0000e4d4       0x54 Drivers\ff.o
 .text._Z6f_syncP3FIL
                0x0000e528      0x1c0 Drivers\ff.o
                0x0000e528                f_sync(FIL*)
 .text._Z7f_closeP3FIL
                0x0000e6e8       0x2c Drivers\ff.o
                0x0000e6e8                f_close(FIL*)
 .text._ZL17SDHC_set_baudratemm
                0x0000e714      0x14c Drivers\SDHC.o
 .text._Z9SDHC_initP17esdhc_info_structPK17esdhc_init_struct
                0x0000e860      0x1c4 Drivers\SDHC.o
                0x0000e860                SDHC_init(esdhc_info_struct*, esdhc_init_struct const*)
 .text._ZL15SDHC_is_runningv
                0x0000ea24       0x28 Drivers\SDHC.o
 .text._ZL16SDHC_status_waitm
                0x0000ea4c       0x38 Drivers\SDHC.o
 .text._ZL17SDHC_send_commandP20esdhc_command_struct
                0x0000ea84      0x2a0 Drivers\SDHC.o
 .text._Z10SDHC_ioctlmPv
                0x0000ed24      0x978 Drivers\SDHC.o
                0x0000ed24                SDHC_ioctl(unsigned long, void*)
 .text._ZL14rcvr_datablockPhm
                0x0000f69c      0x134 Drivers\SDHC.o
 .text._Z9disk_readhPhmh
                0x0000f7d0      0x13c Drivers\SDHC.o
                0x0000f7d0                disk_read(unsigned char, unsigned char*, unsigned long, unsigned char)
 .text._ZL14xmit_datablockPKhm
                0x0000f90c       0xe0 Drivers\SDHC.o
 .text._Z10disk_writehPKhmh
                0x0000f9ec      0x1cc Drivers\SDHC.o
                0x0000f9ec                disk_write(unsigned char, unsigned char const*, unsigned long, unsigned char)
 .text._Z10disk_ioctlhhPv
                0x0000fbb8      0x128 Drivers\SDHC.o
                0x0000fbb8                disk_ioctl(unsigned char, unsigned char, void*)
 .text._Z11disk_statush
                0x0000fce0       0x30 Drivers\SDHC.o
                0x0000fce0                disk_status(unsigned char)
 .text._Z13time_delay_msm
                0x0000fd10       0xa4 Drivers\lptmr.o
                0x0000fd10                time_delay_ms(unsigned long)
 .text._Z41__static_initialization_and_destruction_0ii
                0x0000fdb4       0x30 FEHProteus.o
 .text._GLOBAL__sub_I_Propeller
                0x0000fde4       0x14 FEHProteus.o
 .text._ZN12FEHPropellerC2Ev
                0x0000fdf8       0x20 Drivers\FEHPropeller.o
                0x0000fdf8                FEHPropeller::FEHPropeller()
                0x0000fdf8                FEHPropeller::FEHPropeller()
 .text._ZN12FEHPropeller10InitializeEv
                0x0000fe18       0x94 Drivers\FEHPropeller.o
                0x0000fe18                FEHPropeller::Initialize()
 .text._ZN12FEHPropeller12SetMotorRateEhhh
                0x0000feac       0x78 Drivers\FEHPropeller.o
                0x0000feac                FEHPropeller::SetMotorRate(unsigned char, unsigned char, unsigned char)
 .text._ZL5Delaymjj
                0x0000ff24       0xc4 Libraries\FEHUtility.o
 .text._Z5Sleepi
                0x0000ffe8       0x34 Libraries\FEHUtility.o
                0x0000ffe8                Sleep(int)
 .text._Z5Sleepf
                0x0001001c       0x48 Libraries\FEHUtility.o
                0x0001001c                Sleep(float)
 *fill*         0x00010064        0x4 00
 .text._Z5Sleepd
                0x00010068       0x58 Libraries\FEHUtility.o
                0x00010068                Sleep(double)
 .text._ZN15DigitalInputPinC2EN5FEHIO8FEHIOPinE
                0x000100c0       0x24 Libraries\FEHIO.o
                0x000100c0                DigitalInputPin::DigitalInputPin(FEHIO::FEHIOPin)
                0x000100c0                DigitalInputPin::DigitalInputPin(FEHIO::FEHIOPin)
 .text._ZN15DigitalInputPin10InitializeEN5FEHIO8FEHIOPinE
                0x000100e4      0x224 Libraries\FEHIO.o
                0x000100e4                DigitalInputPin::Initialize(FEHIO::FEHIOPin)
 .text._Z9portB_isrv
                0x00010308       0xd4 Libraries\FEHIO.o
                0x00010308                portB_isr()
 .text._Z9portC_isrv
                0x000103dc       0xd8 Libraries\FEHIO.o
                0x000103dc                portC_isr()
 .text._Z9portA_isrv
                0x000104b4       0xd8 Libraries\FEHIO.o
                0x000104b4                portA_isr()
 .text._Z9portE_isrv
                0x0001058c       0xd0 Libraries\FEHIO.o
                0x0001058c                portE_isr()
 .text._ZN14AnalogInputPinC2EN5FEHIO8FEHIOPinE
                0x0001065c       0x20 Libraries\FEHIO.o
                0x0001065c                AnalogInputPin::AnalogInputPin(FEHIO::FEHIOPin)
                0x0001065c                AnalogInputPin::AnalogInputPin(FEHIO::FEHIOPin)
 .text._ZN13AnalogEncoder12EncoderValueEv
                0x0001067c       0xe4 Libraries\FEHIO.o
                0x0001067c                AnalogEncoder::EncoderValue()
 .text._ZN16DigitalOutputPinC2EN5FEHIO8FEHIOPinE
                0x00010760      0x214 Libraries\FEHIO.o
                0x00010760                DigitalOutputPin::DigitalOutputPin(FEHIO::FEHIOPin)
                0x00010760                DigitalOutputPin::DigitalOutputPin(FEHIO::FEHIOPin)
 .text._ZN16DigitalOutputPin5WriteEb
                0x00010974      0x2cc Libraries\FEHIO.o
                0x00010974                DigitalOutputPin::Write(bool)
 .text._ZN14AnalogInputPin8InitADCsEv
                0x00010c40      0x120 Libraries\FEHIO.o
                0x00010c40                AnalogInputPin::InitADCs()
 .text._Z8pit0_isrv
                0x00010d60       0x34 Libraries\FEHIO.o
                0x00010d60                pit0_isr()
 .text._ZN13AnalogEncoder4InitEv
                0x00010d94       0x64 Libraries\FEHIO.o
                0x00010d94                AnalogEncoder::Init()
 .text._ZN13AnalogEncoder14SetCounterInitEj
                0x00010df8       0x20 Libraries\FEHIO.o
                0x00010df8                AnalogEncoder::SetCounterInit(unsigned int)
 .text._ZN13AnalogEncoder10ProcessIntEv
                0x00010e18       0x80 Libraries\FEHIO.o
                0x00010e18                AnalogEncoder::ProcessInt()
 .text._ZN13AnalogEncoder14ProcessIntSelfEv
                0x00010e98       0x80 Libraries\FEHIO.o
                0x00010e98                AnalogEncoder::ProcessIntSelf()
 .text._Z7ADC_CalPV10ADC_MemMap
                0x00010f18      0x14c Drivers\adc16.o
                0x00010f18                ADC_Cal(ADC_MemMap volatile*)
 .text._Z14ADC_Config_AltPV10ADC_MemMapP7adc_cfg
                0x00011064       0x6c Drivers\adc16.o
                0x00011064                ADC_Config_Alt(ADC_MemMap volatile*, adc_cfg*)
 .text._ZN9FEHBuzzerC2Ev
                0x000110d0       0x18 Libraries\FEHBuzzer.o
                0x000110d0                FEHBuzzer::FEHBuzzer()
                0x000110d0                FEHBuzzer::FEHBuzzer()
 .text._Z41__static_initialization_and_destruction_0ii
                0x000110e8       0x30 Libraries\FEHBuzzer.o
 .text._GLOBAL__sub_I_Buzzer
                0x00011118       0x14 Libraries\FEHBuzzer.o
 .text._ZN6FEHLCD11_InitializeEv
                0x0001112c      0x5dc Libraries\FEHLCD.o
                0x0001112c                FEHLCD::_Initialize()
 .text._ZN6FEHLCDC2Ev
                0x00011708       0x64 Libraries\FEHLCD.o
                0x00011708                FEHLCD::FEHLCD()
                0x00011708                FEHLCD::FEHLCD()
 .text._ZN6FEHLCD10InitializeEv
                0x0001176c       0x38 Libraries\FEHLCD.o
                0x0001176c                FEHLCD::Initialize()
 .text._ZN6FEHLCD10PrintImageEii
                0x000117a4      0x100 Libraries\FEHLCD.o
                0x000117a4                FEHLCD::PrintImage(int, int)
 .text._ZN6FEHLCD9PrintLogoEii
                0x000118a4      0x100 Libraries\FEHLCD.o
                0x000118a4                FEHLCD::PrintLogo(int, int)
 .text._ZN6FEHLCD22ConvertFEHColorTo24BitENS_11FEHLCDColorE
                0x000119a4       0x80 Libraries\FEHLCD.o
                0x000119a4                FEHLCD::ConvertFEHColorTo24Bit(FEHLCD::FEHLCDColor)
 .text._ZN6FEHLCD24Convert24BitColorTo16BitEj
                0x00011a24       0x40 Libraries\FEHLCD.o
                0x00011a24                FEHLCD::Convert24BitColorTo16Bit(unsigned int)
 .text._ZN6FEHLCD22ConvertRGBColorTo16BitEhhh
                0x00011a64       0x44 Libraries\FEHLCD.o
                0x00011a64                FEHLCD::ConvertRGBColorTo16Bit(unsigned char, unsigned char, unsigned char)
 .text._ZN6FEHLCD5ClearENS_11FEHLCDColorE
                0x00011aa8       0x28 Libraries\FEHLCD.o
                0x00011aa8                FEHLCD::Clear(FEHLCD::FEHLCDColor)
 .text._ZN6FEHLCD5ClearEj
                0x00011ad0       0x2c Libraries\FEHLCD.o
                0x00011ad0                FEHLCD::Clear(unsigned int)
 .text._ZN6FEHLCD5ClearEv
                0x00011afc       0x18 Libraries\FEHLCD.o
                0x00011afc                FEHLCD::Clear()
 .text._ZN6FEHLCD18SetBackgroundColorENS_11FEHLCDColorE
                0x00011b14       0x28 Libraries\FEHLCD.o
                0x00011b14                FEHLCD::SetBackgroundColor(FEHLCD::FEHLCDColor)
 .text._ZN6FEHLCD18SetBackgroundColorEj
                0x00011b3c       0x28 Libraries\FEHLCD.o
                0x00011b3c                FEHLCD::SetBackgroundColor(unsigned int)
 .text._ZN6FEHLCD12SetFontColorENS_11FEHLCDColorE
                0x00011b64       0x28 Libraries\FEHLCD.o
                0x00011b64                FEHLCD::SetFontColor(FEHLCD::FEHLCDColor)
 .text._ZN6FEHLCD12SetFontColorEj
                0x00011b8c       0x28 Libraries\FEHLCD.o
                0x00011b8c                FEHLCD::SetFontColor(unsigned int)
 .text._ZN6FEHLCD7WriteAtEPKcii
                0x00011bb4       0x58 Libraries\FEHLCD.o
                0x00011bb4                FEHLCD::WriteAt(char const*, int, int)
 .text._ZN6FEHLCD11TS_SPI_InitEv
                0x00011c0c       0xa8 Libraries\FEHLCD.o
                0x00011c0c                FEHLCD::TS_SPI_Init()
 .text._ZN6FEHLCD5WriteEPKc
                0x00011cb4       0x5c Libraries\FEHLCD.o
                0x00011cb4                FEHLCD::Write(char const*)
 .text._ZN6FEHLCD9WriteLineEPKc
                0x00011d10       0x28 Libraries\FEHLCD.o
                0x00011d10                FEHLCD::WriteLine(char const*)
 .text._ZN6FEHLCD10WriteIndexEh
                0x00011d38      0x288 Libraries\FEHLCD.o
                0x00011d38                FEHLCD::WriteIndex(unsigned char)
 .text._ZN6FEHLCD14WriteParameterEh
                0x00011fc0      0x254 Libraries\FEHLCD.o
                0x00011fc0                FEHLCD::WriteParameter(unsigned char)
 .text._ZN6FEHLCD6_ClearEv
                0x00012214      0x228 Libraries\FEHLCD.o
                0x00012214                FEHLCD::_Clear()
 .text._ZN6FEHLCD8NextLineEv
                0x0001243c       0x30 Libraries\FEHLCD.o
                0x0001243c                FEHLCD::NextLine()
 .text._ZN6FEHLCD9CheckLineEv
                0x0001246c       0x2c Libraries\FEHLCD.o
                0x0001246c                FEHLCD::CheckLine()
 .text._ZN6FEHLCD8NextCharEv
                0x00012498       0x34 Libraries\FEHLCD.o
                0x00012498                FEHLCD::NextChar()
 .text._ZN6FEHLCD13SetDrawRegionEiiii
                0x000124cc      0x10c Libraries\FEHLCD.o
                0x000124cc                FEHLCD::SetDrawRegion(int, int, int, int)
 .text._ZN6FEHLCD9WriteCharEiic
                0x000125d8       0x40 Libraries\FEHLCD.o
                0x000125d8                FEHLCD::WriteChar(int, int, char)
 .text._ZN6FEHLCD11WriteCharAtEiic
                0x00012618      0x278 Libraries\FEHLCD.o
                0x00012618                FEHLCD::WriteCharAt(int, int, char)
 .text._ZN6FEHLCD11RepeatColorEv
                0x00012890       0xbc Libraries\FEHLCD.o
                0x00012890                FEHLCD::RepeatColor()
 .text._ZN6FEHLCD10_ForePixelEv
                0x0001294c      0x160 Libraries\FEHLCD.o
                0x0001294c                FEHLCD::_ForePixel()
 .text._ZN6FEHLCD10_BackPixelEv
                0x00012aac      0x160 Libraries\FEHLCD.o
                0x00012aac                FEHLCD::_BackPixel()
 .text._ZN6FEHLCD22SetRegisterColorValuesEv
                0x00012c0c      0x4c0 Libraries\FEHLCD.o
                0x00012c0c                FEHLCD::SetRegisterColorValues()
 .text._Z41__static_initialization_and_destruction_0ii
                0x000130cc       0x30 Libraries\FEHLCD.o
 .text._GLOBAL__sub_I_image
                0x000130fc       0x14 Libraries\FEHLCD.o
 .text._ZN8FEHAccelC2Ev
                0x00013110       0x8c Libraries\FEHAccel.o
                0x00013110                FEHAccel::FEHAccel()
                0x00013110                FEHAccel::FEHAccel()
 .text._Z41__static_initialization_and_destruction_0ii
                0x0001319c       0x30 Libraries\FEHAccel.o
 .text._GLOBAL__sub_I_Accel
                0x000131cc       0x14 Libraries\FEHAccel.o
 .text._ZN10FEHBatteryC2EN5FEHIO8FEHIOPinE
                0x000131e0       0x24 Libraries\FEHBattery.o
                0x000131e0                FEHBattery::FEHBattery(FEHIO::FEHIOPin)
                0x000131e0                FEHBattery::FEHBattery(FEHIO::FEHIOPin)
 .text._Z41__static_initialization_and_destruction_0ii
                0x00013204       0x34 Libraries\FEHBattery.o
 .text._GLOBAL__sub_I_Battery
                0x00013238       0x14 Libraries\FEHBattery.o
 .text._ZN7FEHXBeeC2Ev
                0x0001324c       0x20 Drivers\FEHXBee.o
                0x0001324c                FEHXBee::FEHXBee()
                0x0001324c                FEHXBee::FEHXBee()
 .text._ZN7FEHXBee17SetPacketCallBackEPFvPhhE
                0x0001326c       0x20 Drivers\FEHXBee.o
                0x0001326c                FEHXBee::SetPacketCallBack(void (*)(unsigned char*, unsigned char))
 .text._Z9UART0_ISRv
                0x0001328c      0x174 Drivers\FEHXBee.o
                0x0001328c                UART0_ISR()
 .text._ZN6FEHRPSC2Ev
                0x00013400       0x88 Libraries\FEHRPS.o
                0x00013400                FEHRPS::FEHRPS()
                0x00013400                FEHRPS::FEHRPS()
 .text._Z14RPSDataProcessPhh
                0x00013488      0x164 Libraries\FEHRPS.o
                0x00013488                RPSDataProcess(unsigned char*, unsigned char)
 .text._Z41__static_initialization_and_destruction_0ii
                0x000135ec       0x30 Libraries\FEHRPS.o
 .text._GLOBAL__sub_I_RPS
                0x0001361c       0x14 Libraries\FEHRPS.o
 .text._ZN5FEHSDC2Ev
                0x00013630       0x24 Libraries\FEHSD.o
                0x00013630                FEHSD::FEHSD()
                0x00013630                FEHSD::FEHSD()
 .text._ZN5FEHSD8CloseLogEv
                0x00013654       0x38 Libraries\FEHSD.o
                0x00013654                FEHSD::CloseLog()
 .text._Z41__static_initialization_and_destruction_0ii
                0x0001368c       0x30 Libraries\FEHSD.o
 .text._GLOBAL__sub_I_SD
                0x000136bc       0x14 Libraries\FEHSD.o
 .text.exit     0x000136d0       0x38 O:\fehqt\Proteus/EWL/lib/armv7e-m\libc.a(exit.o)
                0x000136d0                exit
 .text.memset   0x00013708        0xc O:\fehqt\Proteus/EWL/lib/armv7e-m\libc.a(memset.o)
                0x00013708                memset
 .text.strlen   0x00013714       0x10 O:\fehqt\Proteus/EWL/lib/armv7e-m\libc.a(strlen.o)
                0x00013714                strlen
 .text.long2str.isra.0
                0x00013724      0x196 O:\fehqt\Proteus/EWL/lib/armv7e-m\libc.a(printformat_.o)
 *fill*         0x000138ba        0x2 00
 .text.__pformatter_
                0x000138bc      0x3f8 O:\fehqt\Proteus/EWL/lib/armv7e-m\libc.a(printformat_.o)
                0x000138bc                __pformatter_
 .text.__sformatter
                0x00013cb4      0x74e O:\fehqt\Proteus/EWL/lib/armv7e-m\libc.a(scanformat_.o)
                0x00013cb4                __sformatter
 *fill*         0x00014402        0x2 00
 .text.isalpha  0x00014404       0x1c O:\fehqt\Proteus/EWL/lib/armv7e-m\libc.a(ctype_aeabi.o)
                0x00014404                isalpha
 .text.isspace  0x00014420       0x1c O:\fehqt\Proteus/EWL/lib/armv7e-m\libc.a(ctype_aeabi.o)
                0x00014420                isspace
 .text.toupper  0x0001443c        0xc O:\fehqt\Proteus/EWL/lib/armv7e-m\libc.a(ctype_aeabi.o)
                0x0001443c                toupper
 .text.__strtoul
                0x00014448      0x1dc O:\fehqt\Proteus/EWL/lib/armv7e-m\libc.a(__strtoul.o)
                0x00014448                __strtoul
 .text.__fill_mem
                0x00014624       0x76 O:\fehqt\Proteus/EWL/lib/armv7e-m\libc.a(__filll_mem.o)
                0x00014624                __fill_mem
 .text.memchr   0x0001469a       0x1a O:\fehqt\Proteus/EWL/lib/armv7e-m\libc.a(memchr.o)
                0x0001469a                memchr
 .text.strchr   0x000146b4       0x1c O:\fehqt\Proteus/EWL/lib/armv7e-m\libc.a(strchr.o)
                0x000146b4                strchr
 .text.__init_cpp
                0x000146d0       0x4c O:\fehqt\Proteus/EWL/lib/armv7e-m\librt.a(gcc_ctor_dtor.o)
                0x000146d0                __init_cpp
 .text.__fini_cpp
                0x0001471c       0x34 O:\fehqt\Proteus/EWL/lib/armv7e-m\librt.a(gcc_ctor_dtor.o)
                0x0001471c                __fini_cpp
 .text.__copy_rom_section
                0x00014750       0x44 O:\fehqt\Proteus/EWL/lib/armv7e-m\librt.a(ROMCopy.o)
                0x00014750                __copy_rom_section
 .text.__copy_rom_sections_to_ram
                0x00014794       0x34 O:\fehqt\Proteus/EWL/lib/armv7e-m\librt.a(ROMCopy.o)
                0x00014794                __copy_rom_sections_to_ram
 .text.__destroy_global_chain
                0x000147c8       0x1c O:\fehqt\Proteus/EWL/lib/armv7e-m\librt.a(__arm_eabi_init.o)
                0x000147c8                __destroy_global_chain
 .text.__init_registers
                0x000147e4       0x20 O:\fehqt\Proteus/EWL/lib/armv7e-m\librt.a(__arm_eabi_init.o)
                0x000147e4                __init_registers
 .text.__init_user
                0x00014804        0x4 O:\fehqt\Proteus/EWL/lib/armv7e-m\librt.a(__arm_eabi_init.o)
                0x00014804                __init_user
 *(.rodata)
 .rodata        0x00014808       0x6c ..\main.o
 .rodata        0x00014874       0x78 Libraries\FEHIO.o
 .rodata        0x000148ec       0x34 Libraries\FEHLCD.o
 *(.rodata*)
 .rodata.K60_SDHC0_init
                0x00014920        0xc Drivers\SDHC.o
                0x00014920                K60_SDHC0_init
 .rodata._ZL21ESDHC_COMMAND_XFERTYP
                0x0001492c      0x100 Drivers\SDHC.o
 .rodata._ZL9GPIOPorts
                0x00014a2c       0x20 Libraries\FEHIO.o
 .rodata._ZL10ADCNumbers
                0x00014a4c       0x24 Libraries\FEHIO.o
 .rodata._ZL14GPIOPinNumbers
                0x00014a70       0x80 Libraries\FEHIO.o
 .rodata._ZL16AnalogPinNumbers
                0x00014af0       0x84 Libraries\FEHIO.o
 .rodata.str1.1
                0x00014b74        0x1 O:\fehqt\Proteus/EWL/lib/armv7e-m\libc.a(printformat_.o)
 .rodata.__aeabi_ctype_table_C
                0x00014b75      0x101 O:\fehqt\Proteus/EWL/lib/armv7e-m\libc.a(ctype_aeabi.o)
                0x00014b75                __aeabi_ctype_table_C
 *(.glue_7)
 .glue_7        0x00000000        0x0 linker stubs
 *(.glue_7t)
 .glue_7t       0x00000000        0x0 linker stubs
 *(.eh_frame)
 *(.init)
 *(.fini)
                0x00014c78                . = ALIGN (0x4)
 *fill*         0x00014c76        0x2 00
                0x00014c78                _etext = .

.vfp11_veneer   0x00014c78        0x0
 .vfp11_veneer  0x00000000        0x0 linker stubs

.v4_bx          0x00014c78        0x0
 .v4_bx         0x00000000        0x0 linker stubs

.ARM.extab
 *(.ARM.extab* .gnu.linkonce.armextab.*)

.ARM            0x00014c78        0x0
                0x00014c78                __exidx_start = .
 *(.ARM.exidx*)
                0x00014c78                __exidx_end = .

.ctors          0x00014c78        0x0
                0x00014c78                __CTOR_LIST__ = .
 *crtbegin.o(.ctors)
 *(EXCLUDE_FILE(*crtend.o) .ctors)
 *(SORT(.ctors.*))
 *(.ctors)
                0x00014c78                __CTOR_END__ = .

.dtors          0x00014c78        0x0
                0x00014c78                __DTOR_LIST__ = .
 *crtbegin.o(.dtors)
 *(EXCLUDE_FILE(*crtend.o) .dtors)
 *(SORT(.dtors.*))
 *(.dtors)
                0x00014c78                __DTOR_END__ = .

.preinit_array  0x00014c78        0x0
                0x00014c78                PROVIDE (__preinit_array_start, .)
 *(.preinit_array*)
                0x00014c78                PROVIDE (__preinit_array_end, .)

.init_array     0x00014c78       0x20
                0x00014c78                PROVIDE (__init_array_start, .)
 *(SORT(.init_array.*))
 *(.init_array*)
 .init_array    0x00014c78        0x4 ..\main.o
 .init_array    0x00014c7c        0x4 FEHProteus.o
 .init_array    0x00014c80        0x4 Libraries\FEHBuzzer.o
 .init_array    0x00014c84        0x4 Libraries\FEHLCD.o
 .init_array    0x00014c88        0x4 Libraries\FEHAccel.o
 .init_array    0x00014c8c        0x4 Libraries\FEHBattery.o
 .init_array    0x00014c90        0x4 Libraries\FEHRPS.o
 .init_array    0x00014c94        0x4 Libraries\FEHSD.o
                0x00014c98                PROVIDE (__init_array_end, .)

.fini_array     0x00014c98        0x0
                0x00014c98                PROVIDE (__fini_array_start, .)
 *(SORT(.fini_array.*))
 *(.fini_array*)
                0x00014c98                PROVIDE (__fini_array_end, .)
                0x00014c98                ___ROM_AT = .

.data           0x1fff0400      0xd1c load address 0x00014c98
                0x1fff0400                . = ALIGN (0x4)
                0x1fff0400                _sdata = .
 *(.data)
 *(.data*)
 .data._ZL4Stat
                0x1fff0400        0x1 Drivers\SDHC.o
 *fill*         0x1fff0401        0x3 00
 .data.image    0x1fff0404      0x750 Libraries\FEHLCD.o
                0x1fff0404                image
 .data.logo     0x1fff0b54      0x3e8 Libraries\FEHLCD.o
                0x1fff0b54                logo
 .data._ZN6FEHLCD8fontDataE
                0x1fff0f3c      0x1e0 Libraries\FEHLCD.o
                0x1fff0f3c                FEHLCD::fontData
                0x1fff111c                . = ALIGN (0x4)
                0x1fff111c                _edata = .
                0x00000d1c                ___data_size = (_edata - _sdata)
                0x000159b4                ___m_data2_ROMStart = (___ROM_AT + SIZEOF (.data))

.user_data2     0x20000000        0x0 load address 0x000159b4
                0x20000000                . = ALIGN (0x4)
                0x20000000                ___m_data2_RAMStart = .
 *(.data2)
                0x20000000                ___m_data2_RAMEnd = .
                0x20000000                . = ALIGN (0x4)
                0x00000000                ___m_data2_ROMSize = (___m_data2_RAMEnd - ___m_data2_RAMStart)
                0x20000000                . = ALIGN (0x4)

.bss            0x1fff111c      0x5d0 load address 0x000159b4
                0x1fff111c                __START_BSS = .
                0x1fff111c                PROVIDE (__bss_start__, __START_BSS)
 *(.bss)
 *(.bss*)
 .bss.magnet    0x1fff111c        0x4 ..\main.o
                0x1fff111c                magnet
 .bss.backBump  0x1fff1120        0x4 ..\main.o
                0x1fff1120                backBump
 .bss.frontBump
                0x1fff1124        0x4 ..\main.o
                0x1fff1124                frontBump
 .bss.cdsCell   0x1fff1128        0x4 ..\main.o
                0x1fff1128                cdsCell
 .bss.left_drive
                0x1fff112c        0x8 ..\main.o
                0x1fff112c                left_drive
 .bss.right_drive
                0x1fff1134        0x8 ..\main.o
                0x1fff1134                right_drive
 .bss._ZL4argv  0x1fff113c        0x4 Startup\__arm_start.o
 .bss.MasterTransmission
                0x1fff1140        0x1 Drivers\i2c.o
                0x1fff1140                MasterTransmission
 .bss.SlaveID   0x1fff1141        0x1 Drivers\i2c.o
                0x1fff1141                SlaveID
 *fill*         0x1fff1142        0x2 00
 .bss.SDHC_Card
                0x1fff1144       0x14 Drivers\SDHC.o
                0x1fff1144                SDHC_Card
 .bss.SDHC_Info
                0x1fff1158      0x204 Drivers\SDHC.o
                0x1fff1158                SDHC_Info
 .bss.SDHC_Device
                0x1fff135c        0x8 Drivers\SDHC.o
                0x1fff135c                SDHC_Device
 .bss.Propeller
                0x1fff1364        0x4 FEHProteus.o
                0x1fff1364                Propeller
 .bss.CoreClockKHz
                0x1fff1368        0x4 FEHProteus.o
                0x1fff1368                CoreClockKHz
 .bss.CoreClockMHz
                0x1fff136c        0x4 FEHProteus.o
                0x1fff136c                CoreClockMHz
 .bss.PeripheralClockKHz
                0x1fff1370        0x4 FEHProteus.o
                0x1fff1370                PeripheralClockKHz
 .bss._ZN14AnalogInputPin17Master_Adc_ConfigE
                0x1fff1374       0x10 Libraries\FEHIO.o
                0x1fff1374                AnalogInputPin::Master_Adc_Config
 .bss._ZN14AnalogInputPin18Encoder_Adc_ConfigE
                0x1fff1384       0x10 Libraries\FEHIO.o
                0x1fff1384                AnalogInputPin::Encoder_Adc_Config
 .bss.interrupt_counts
                0x1fff1394       0x80 Libraries\FEHIO.o
                0x1fff1394                interrupt_counts
 .bss._ZN13AnalogEncoder7pinListE
                0x1fff1414        0x4 Libraries\FEHIO.o
                0x1fff1414                AnalogEncoder::pinList
 .bss.__interrupt_counter
                0x1fff1418        0x4 Libraries\FEHIO.o
                0x1fff1418                __interrupt_counter
 .bss.Buzzer    0x1fff141c        0x4 Libraries\FEHBuzzer.o
                0x1fff141c                Buzzer
 .bss.LCD       0x1fff1420       0x44 Libraries\FEHLCD.o
                0x1fff1420                LCD
 .bss.initialized
                0x1fff1464        0x1 Libraries\FEHLCD.o
                0x1fff1464                initialized
 *fill*         0x1fff1465        0x3 00
 .bss.Accel     0x1fff1468        0x4 Libraries\FEHAccel.o
                0x1fff1468                Accel
 .bss.Battery   0x1fff146c        0x4 Libraries\FEHBattery.o
                0x1fff146c                Battery
 .bss.XBeeDataProcess
                0x1fff1470        0x4 Drivers\FEHXBee.o
                0x1fff1470                XBeeDataProcess
 .bss._xbeebuffer
                0x1fff1474       0x10 Drivers\FEHXBee.o
                0x1fff1474                _xbeebuffer
 .bss._xbeebufferindex
                0x1fff1484        0x1 Drivers\FEHXBee.o
                0x1fff1484                _xbeebufferindex
 .bss._xbeestate
                0x1fff1485        0x1 Drivers\FEHXBee.o
                0x1fff1485                _xbeestate
 .bss._xbeebytereceived
                0x1fff1486        0x1 Drivers\FEHXBee.o
                0x1fff1486                _xbeebytereceived
 .bss._xbeebyte
                0x1fff1487        0x1 Drivers\FEHXBee.o
                0x1fff1487                _xbeebyte
 .bss.RPS       0x1fff1488        0x8 Libraries\FEHRPS.o
                0x1fff1488                RPS
 .bss._enabled  0x1fff1490        0x1 Libraries\FEHRPS.o
                0x1fff1490                _enabled
 *fill*         0x1fff1491        0x3 00
 .bss._RPS_x    0x1fff1494        0x4 Libraries\FEHRPS.o
                0x1fff1494                _RPS_x
 .bss._RPS_y    0x1fff1498        0x4 Libraries\FEHRPS.o
                0x1fff1498                _RPS_y
 .bss._RPS_heading
                0x1fff149c        0x4 Libraries\FEHRPS.o
                0x1fff149c                _RPS_heading
 .bss._RPS_objective
                0x1fff14a0        0x4 Libraries\FEHRPS.o
                0x1fff14a0                _RPS_objective
 .bss._RPS_time
                0x1fff14a4        0x1 Libraries\FEHRPS.o
                0x1fff14a4                _RPS_time
 .bss._RPS_stop
                0x1fff14a5        0x1 Libraries\FEHRPS.o
                0x1fff14a5                _RPS_stop
 .bss._RPS_foundpacket
                0x1fff14a6        0x1 Libraries\FEHRPS.o
                0x1fff14a6                _RPS_foundpacket
 *fill*         0x1fff14a7        0x1 00
 .bss.SD        0x1fff14a8        0x4 Libraries\FEHSD.o
                0x1fff14a8                SD
 .bss.logfil    0x1fff14ac      0x228 Libraries\FEHSD.o
                0x1fff14ac                logfil
 .bss.__stdio_exit
                0x1fff16d4        0x4 O:\fehqt\Proteus/EWL/lib/armv7e-m\libc.a(exit.o)
                0x1fff16d4                __stdio_exit
 .bss.__console_exit
                0x1fff16d8        0x4 O:\fehqt\Proteus/EWL/lib/armv7e-m\libc.a(exit.o)
                0x1fff16d8                __console_exit
 .bss.__S_romp  0x1fff16dc        0xc O:\fehqt\Proteus/EWL/lib/armv7e-m\librt.a(ROMCopy.o)
 .bss.__global_destructor_chain
                0x1fff16e8        0x4 O:\fehqt\Proteus/EWL/lib/armv7e-m\librt.a(__arm_eabi_init.o)
                0x1fff16e8                __global_destructor_chain
 *(COMMON)
                0x1fff16ec                . = ALIGN (0x4)
                0x1fff16ec                __END_BSS = .
                0x1fff16ec                PROVIDE (__bss_end__, __END_BSS)

._user_heap_stack
                0x1fff16ec     0x1000 load address 0x00015f84
                0x1fff16ec                . = ALIGN (0x4)
                0x1fff16ec                PROVIDE (end, .)
                0x1fff16ec                PROVIDE (_end, .)
                0x1fff16ec                __heap_addr = .
                0x1fff1eec                . = (. + __heap_size)
 *fill*         0x1fff16ec      0x800 00
                0x1fff26ec                . = (. + __stack_size)
 *fill*         0x1fff1eec      0x800 00
                0x1fff26ec                . = ALIGN (0x4)
                0x000159b4                _romp_at = ((___ROM_AT + SIZEOF (.data)) + SIZEOF (.user_data2))

.romp           0x20000000       0x24 load address 0x000159b4
                0x000159b4                __S_romp = _romp_at
                0x20000000        0x4 LONG 0x14c98 ___ROM_AT
                0x20000004        0x4 LONG 0x1fff0400 _sdata
                0x20000008        0x4 LONG 0xd1c ___data_size
                0x2000000c        0x4 LONG 0x159b4 ___m_data2_ROMStart
                0x20000010        0x4 LONG 0x20000000 ___m_data2_RAMStart
                0x20000014        0x4 LONG 0x0 ___m_data2_ROMSize
                0x20000018        0x4 LONG 0x0
                0x2000001c        0x4 LONG 0x0
                0x20000020        0x4 LONG 0x0

.ARM.attributes
                0x00000000       0x33
 *(.ARM.attributes)
 .ARM.attributes
                0x00000000       0x33 ..\main.o
 .ARM.attributes
                0x00000033       0x33 Startup\__arm_start.o
 .ARM.attributes
                0x00000066       0x33 Startup\__arm_end.o
 .ARM.attributes
                0x00000099       0x33 Startup\kinetis_sysinit.o
 .ARM.attributes
                0x000000cc       0x33 Libraries\FEHMotor.o
 .ARM.attributes
                0x000000ff       0x33 Drivers\i2c.o
 .ARM.attributes
                0x00000132       0x33 Drivers\spi.o
 .ARM.attributes
                0x00000165       0x33 Drivers\uart.o
 .ARM.attributes
                0x00000198       0x33 Drivers\ff.o
 .ARM.attributes
                0x000001cb       0x33 Drivers\SDHC.o
 .ARM.attributes
                0x000001fe       0x33 Drivers\lptmr.o
 .ARM.attributes
                0x00000231       0x33 FEHProteus.o
 .ARM.attributes
                0x00000264       0x33 Drivers\FEHPropeller.o
 .ARM.attributes
                0x00000297       0x33 Libraries\FEHUtility.o
 .ARM.attributes
                0x000002ca       0x33 Libraries\FEHIO.o
 .ARM.attributes
                0x000002fd       0x33 Drivers\adc16.o
 .ARM.attributes
                0x00000330       0x33 Libraries\FEHBuzzer.o
 .ARM.attributes
                0x00000363       0x33 Libraries\FEHLCD.o
 .ARM.attributes
                0x00000396       0x33 Libraries\FEHAccel.o
 .ARM.attributes
                0x000003c9       0x33 Libraries\FEHBattery.o
 .ARM.attributes
                0x000003fc       0x33 Drivers\FEHXBee.o
 .ARM.attributes
                0x0000042f       0x33 Libraries\FEHRPS.o
 .ARM.attributes
                0x00000462       0x33 Libraries\FEHSD.o
 .ARM.attributes
                0x00000495       0x33 O:\fehqt\Proteus/EWL/lib/armv7e-m\libc.a(exit.o)
 .ARM.attributes
                0x000004c8       0x33 O:\fehqt\Proteus/EWL/lib/armv7e-m\libc.a(memset.o)
 .ARM.attributes
                0x000004fb       0x33 O:\fehqt\Proteus/EWL/lib/armv7e-m\libc.a(strlen.o)
 .ARM.attributes
                0x0000052e       0x33 O:\fehqt\Proteus/EWL/lib/armv7e-m\libc.a(printformat_.o)
 .ARM.attributes
                0x00000561       0x33 O:\fehqt\Proteus/EWL/lib/armv7e-m\libc.a(scanformat_.o)
 .ARM.attributes
                0x00000594       0x33 O:\fehqt\Proteus/EWL/lib/armv7e-m\libc.a(ctype_aeabi.o)
 .ARM.attributes
                0x000005c7       0x33 O:\fehqt\Proteus/EWL/lib/armv7e-m\libc.a(__strtoul.o)
 .ARM.attributes
                0x000005fa       0x33 O:\fehqt\Proteus/EWL/lib/armv7e-m\libc.a(__filll_mem.o)
 .ARM.attributes
                0x0000062d       0x33 O:\fehqt\Proteus/EWL/lib/armv7e-m\libc.a(memchr.o)
 .ARM.attributes
                0x00000660       0x33 O:\fehqt\Proteus/EWL/lib/armv7e-m\libc.a(strchr.o)
 .ARM.attributes
                0x00000693       0x1e o:/fehqt/proteus/gcc/bin/../lib/gcc/arm-none-eabi/4.6.2/armv7e-m\libgcc.a(_arm_addsubdf3.o)
 .ARM.attributes
                0x000006b1       0x1e o:/fehqt/proteus/gcc/bin/../lib/gcc/arm-none-eabi/4.6.2/armv7e-m\libgcc.a(_arm_muldivdf3.o)
 .ARM.attributes
                0x000006cf       0x1e o:/fehqt/proteus/gcc/bin/../lib/gcc/arm-none-eabi/4.6.2/armv7e-m\libgcc.a(_arm_fixdfsi.o)
 .ARM.attributes
                0x000006ed       0x1e o:/fehqt/proteus/gcc/bin/../lib/gcc/arm-none-eabi/4.6.2/armv7e-m\libgcc.a(_arm_fixunsdfsi.o)
 .ARM.attributes
                0x0000070b       0x1e o:/fehqt/proteus/gcc/bin/../lib/gcc/arm-none-eabi/4.6.2/armv7e-m\libgcc.a(_arm_truncdfsf2.o)
 .ARM.attributes
                0x00000729       0x1e o:/fehqt/proteus/gcc/bin/../lib/gcc/arm-none-eabi/4.6.2/armv7e-m\libgcc.a(_arm_addsubsf3.o)
 .ARM.attributes
                0x00000747       0x1e o:/fehqt/proteus/gcc/bin/../lib/gcc/arm-none-eabi/4.6.2/armv7e-m\libgcc.a(_arm_muldivsf3.o)
 .ARM.attributes
                0x00000765       0x1e o:/fehqt/proteus/gcc/bin/../lib/gcc/arm-none-eabi/4.6.2/armv7e-m\libgcc.a(_arm_cmpsf2.o)
 .ARM.attributes
                0x00000783       0x1e o:/fehqt/proteus/gcc/bin/../lib/gcc/arm-none-eabi/4.6.2/armv7e-m\libgcc.a(_arm_fixunssfsi.o)
 .ARM.attributes
                0x000007a1       0x33 O:\fehqt\Proteus/EWL/lib/armv7e-m\librt.a(gcc_ctor_dtor.o)
 .ARM.attributes
                0x000007d4       0x33 O:\fehqt\Proteus/EWL/lib/armv7e-m\librt.a(ROMCopy.o)
 .ARM.attributes
                0x00000807       0x33 O:\fehqt\Proteus/EWL/lib/armv7e-m\librt.a(__arm_eabi_init.o)
OUTPUT(../Magnet.elf elf32-littlearm)

.debug_info     0x00000000    0x12764
 .debug_info    0x00000000     0x108e ..\main.o
 .debug_info    0x0000108e     0x12c5 Startup\__arm_start.o
 .debug_info    0x00002353       0x58 Startup\__arm_end.o
 .debug_info    0x000023ab      0x57d Startup\kinetis_sysinit.o
 .debug_info    0x00002928      0x335 Libraries\FEHMotor.o
 .debug_info    0x00002c5d      0x250 Drivers\i2c.o
 .debug_info    0x00002ead      0x6cf Drivers\spi.o
 .debug_info    0x0000357c      0x59c Drivers\uart.o
 .debug_info    0x00003b18     0x1da0 Drivers\ff.o
 .debug_info    0x000058b8      0xf1d Drivers\SDHC.o
 .debug_info    0x000067d5      0x2de Drivers\lptmr.o
 .debug_info    0x00006ab3      0x1a7 FEHProteus.o
 .debug_info    0x00006c5a      0x722 Drivers\FEHPropeller.o
 .debug_info    0x0000737c      0x36c Libraries\FEHUtility.o
 .debug_info    0x000076e8     0x1c6a Libraries\FEHIO.o
 .debug_info    0x00009352      0x4ab Drivers\adc16.o
 .debug_info    0x000097fd      0xa42 Libraries\FEHBuzzer.o
 .debug_info    0x0000a23f     0x2c25 Libraries\FEHLCD.o
 .debug_info    0x0000ce64      0x26a Libraries\FEHAccel.o
 .debug_info    0x0000d0ce      0x3a9 Libraries\FEHBattery.o
 .debug_info    0x0000d477      0xac3 Drivers\FEHXBee.o
 .debug_info    0x0000df3a     0x19c7 Libraries\FEHRPS.o
 .debug_info    0x0000f901     0x1242 Libraries\FEHSD.o
 .debug_info    0x00010b43      0x103 O:\fehqt\Proteus/EWL/lib/armv7e-m\libc.a(exit.o)
 .debug_info    0x00010c46       0xf4 O:\fehqt\Proteus/EWL/lib/armv7e-m\libc.a(memset.o)
 .debug_info    0x00010d3a       0xf3 O:\fehqt\Proteus/EWL/lib/armv7e-m\libc.a(strlen.o)
 .debug_info    0x00010e2d      0x512 O:\fehqt\Proteus/EWL/lib/armv7e-m\libc.a(printformat_.o)
 .debug_info    0x0001133f      0x564 O:\fehqt\Proteus/EWL/lib/armv7e-m\libc.a(scanformat_.o)
 .debug_info    0x000118a3      0x32a O:\fehqt\Proteus/EWL/lib/armv7e-m\libc.a(ctype_aeabi.o)
 .debug_info    0x00011bcd      0x1d7 O:\fehqt\Proteus/EWL/lib/armv7e-m\libc.a(__strtoul.o)
 .debug_info    0x00011da4      0x13d O:\fehqt\Proteus/EWL/lib/armv7e-m\libc.a(__filll_mem.o)
 .debug_info    0x00011ee1      0x129 O:\fehqt\Proteus/EWL/lib/armv7e-m\libc.a(memchr.o)
 .debug_info    0x0001200a      0x110 O:\fehqt\Proteus/EWL/lib/armv7e-m\libc.a(strchr.o)
 .debug_info    0x0001211a      0x1c0 O:\fehqt\Proteus/EWL/lib/armv7e-m\librt.a(gcc_ctor_dtor.o)
 .debug_info    0x000122da      0x1b8 O:\fehqt\Proteus/EWL/lib/armv7e-m\librt.a(ROMCopy.o)
 .debug_info    0x00012492      0x2d2 O:\fehqt\Proteus/EWL/lib/armv7e-m\librt.a(__arm_eabi_init.o)

.debug_abbrev   0x00000000     0x381d
 .debug_abbrev  0x00000000      0x296 ..\main.o
 .debug_abbrev  0x00000296      0x28f Startup\__arm_start.o
 .debug_abbrev  0x00000525       0x45 Startup\__arm_end.o
 .debug_abbrev  0x0000056a      0x18a Startup\kinetis_sysinit.o
 .debug_abbrev  0x000006f4      0x18c Libraries\FEHMotor.o
 .debug_abbrev  0x00000880       0xfc Drivers\i2c.o
 .debug_abbrev  0x0000097c      0x18b Drivers\spi.o
 .debug_abbrev  0x00000b07      0x15f Drivers\uart.o
 .debug_abbrev  0x00000c66      0x18f Drivers\ff.o
 .debug_abbrev  0x00000df5      0x223 Drivers\SDHC.o
 .debug_abbrev  0x00001018       0xd2 Drivers\lptmr.o
 .debug_abbrev  0x000010ea      0x101 FEHProteus.o
 .debug_abbrev  0x000011eb      0x1c6 Drivers\FEHPropeller.o
 .debug_abbrev  0x000013b1      0x154 Libraries\FEHUtility.o
 .debug_abbrev  0x00001505      0x448 Libraries\FEHIO.o
 .debug_abbrev  0x0000194d      0x12a Drivers\adc16.o
 .debug_abbrev  0x00001a77      0x1da Libraries\FEHBuzzer.o
 .debug_abbrev  0x00001c51      0x38c Libraries\FEHLCD.o
 .debug_abbrev  0x00001fdd      0x13b Libraries\FEHAccel.o
 .debug_abbrev  0x00002118      0x1cb Libraries\FEHBattery.o
 .debug_abbrev  0x000022e3      0x231 Drivers\FEHXBee.o
 .debug_abbrev  0x00002514      0x37f Libraries\FEHRPS.o
 .debug_abbrev  0x00002893      0x33a Libraries\FEHSD.o
 .debug_abbrev  0x00002bcd       0x8f O:\fehqt\Proteus/EWL/lib/armv7e-m\libc.a(exit.o)
 .debug_abbrev  0x00002c5c       0x66 O:\fehqt\Proteus/EWL/lib/armv7e-m\libc.a(memset.o)
 .debug_abbrev  0x00002cc2       0x7e O:\fehqt\Proteus/EWL/lib/armv7e-m\libc.a(strlen.o)
 .debug_abbrev  0x00002d40      0x204 O:\fehqt\Proteus/EWL/lib/armv7e-m\libc.a(printformat_.o)
 .debug_abbrev  0x00002f44      0x1fb O:\fehqt\Proteus/EWL/lib/armv7e-m\libc.a(scanformat_.o)
 .debug_abbrev  0x0000313f       0x9a O:\fehqt\Proteus/EWL/lib/armv7e-m\libc.a(ctype_aeabi.o)
 .debug_abbrev  0x000031d9       0xc6 O:\fehqt\Proteus/EWL/lib/armv7e-m\libc.a(__strtoul.o)
 .debug_abbrev  0x0000329f       0x8b O:\fehqt\Proteus/EWL/lib/armv7e-m\libc.a(__filll_mem.o)
 .debug_abbrev  0x0000332a       0x99 O:\fehqt\Proteus/EWL/lib/armv7e-m\libc.a(memchr.o)
 .debug_abbrev  0x000033c3       0x8d O:\fehqt\Proteus/EWL/lib/armv7e-m\libc.a(strchr.o)
 .debug_abbrev  0x00003450       0x9d O:\fehqt\Proteus/EWL/lib/armv7e-m\librt.a(gcc_ctor_dtor.o)
 .debug_abbrev  0x000034ed      0x160 O:\fehqt\Proteus/EWL/lib/armv7e-m\librt.a(ROMCopy.o)
 .debug_abbrev  0x0000364d      0x1d0 O:\fehqt\Proteus/EWL/lib/armv7e-m\librt.a(__arm_eabi_init.o)

.debug_loc      0x00000000     0x639c
 .debug_loc     0x00000000      0x260 ..\main.o
 .debug_loc     0x00000260       0xb0 Startup\__arm_start.o
 .debug_loc     0x00000310       0x38 Startup\__arm_end.o
 .debug_loc     0x00000348       0x84 Startup\kinetis_sysinit.o
 .debug_loc     0x000003cc       0xe0 Libraries\FEHMotor.o
 .debug_loc     0x000004ac       0xe0 Drivers\i2c.o
 .debug_loc     0x0000058c      0x19c Drivers\spi.o
 .debug_loc     0x00000728       0xe0 Drivers\uart.o
 .debug_loc     0x00000808      0xa96 Drivers\ff.o
 .debug_loc     0x0000129e      0x370 Drivers\SDHC.o
 .debug_loc     0x0000160e       0x38 Drivers\lptmr.o
 .debug_loc     0x00001646       0x64 FEHProteus.o
 .debug_loc     0x000016aa      0x118 Drivers\FEHPropeller.o
 .debug_loc     0x000017c2      0x1a8 Libraries\FEHUtility.o
 .debug_loc     0x0000196a      0x8d6 Libraries\FEHIO.o
 .debug_loc     0x00002240       0xa8 Drivers\adc16.o
 .debug_loc     0x000022e8      0x304 Libraries\FEHBuzzer.o
 .debug_loc     0x000025ec     0x1147 Libraries\FEHLCD.o
 .debug_loc     0x00003733      0x144 Libraries\FEHAccel.o
 .debug_loc     0x00003877       0xd4 Libraries\FEHBattery.o
 .debug_loc     0x0000394b      0x1c0 Drivers\FEHXBee.o
 .debug_loc     0x00003b0b      0x3e8 Libraries\FEHRPS.o
 .debug_loc     0x00003ef3      0x188 Libraries\FEHSD.o
 .debug_loc     0x0000407b       0x3e O:\fehqt\Proteus/EWL/lib/armv7e-m\libc.a(exit.o)
 .debug_loc     0x000040b9       0x64 O:\fehqt\Proteus/EWL/lib/armv7e-m\libc.a(memset.o)
 .debug_loc     0x0000411d       0x31 O:\fehqt\Proteus/EWL/lib/armv7e-m\libc.a(strlen.o)
 .debug_loc     0x0000414e     0x106f O:\fehqt\Proteus/EWL/lib/armv7e-m\libc.a(printformat_.o)
 .debug_loc     0x000051bd      0x8cb O:\fehqt\Proteus/EWL/lib/armv7e-m\libc.a(scanformat_.o)
 .debug_loc     0x00005a88      0x18e O:\fehqt\Proteus/EWL/lib/armv7e-m\libc.a(ctype_aeabi.o)
 .debug_loc     0x00005c16      0x2ad O:\fehqt\Proteus/EWL/lib/armv7e-m\libc.a(__strtoul.o)
 .debug_loc     0x00005ec3      0x12c O:\fehqt\Proteus/EWL/lib/armv7e-m\libc.a(__filll_mem.o)
 .debug_loc     0x00005fef       0x82 O:\fehqt\Proteus/EWL/lib/armv7e-m\libc.a(memchr.o)
 .debug_loc     0x00006071       0x78 O:\fehqt\Proteus/EWL/lib/armv7e-m\libc.a(strchr.o)
 .debug_loc     0x000060e9       0xbe O:\fehqt\Proteus/EWL/lib/armv7e-m\librt.a(gcc_ctor_dtor.o)
 .debug_loc     0x000061a7       0x9b O:\fehqt\Proteus/EWL/lib/armv7e-m\librt.a(ROMCopy.o)
 .debug_loc     0x00006242      0x15a O:\fehqt\Proteus/EWL/lib/armv7e-m\librt.a(__arm_eabi_init.o)

.debug_aranges  0x00000000      0xe00
 .debug_aranges
                0x00000000       0x80 ..\main.o
 .debug_aranges
                0x00000080       0x48 Startup\__arm_start.o
 .debug_aranges
                0x000000c8       0x20 Startup\__arm_end.o
 .debug_aranges
                0x000000e8       0x30 Startup\kinetis_sysinit.o
 .debug_aranges
                0x00000118       0x38 Libraries\FEHMotor.o
 .debug_aranges
                0x00000150       0x38 Drivers\i2c.o
 .debug_aranges
                0x00000188       0x58 Drivers\spi.o
 .debug_aranges
                0x000001e0       0x38 Drivers\uart.o
 .debug_aranges
                0x00000218      0x198 Drivers\ff.o
 .debug_aranges
                0x000003b0       0x98 Drivers\SDHC.o
 .debug_aranges
                0x00000448       0x20 Drivers\lptmr.o
 .debug_aranges
                0x00000468       0x28 FEHProteus.o
 .debug_aranges
                0x00000490       0x40 Drivers\FEHPropeller.o
 .debug_aranges
                0x000004d0       0x58 Libraries\FEHUtility.o
 .debug_aranges
                0x00000528      0x160 Libraries\FEHIO.o
 .debug_aranges
                0x00000688       0x30 Drivers\adc16.o
 .debug_aranges
                0x000006b8       0x88 Libraries\FEHBuzzer.o
 .debug_aranges
                0x00000740      0x290 Libraries\FEHLCD.o
 .debug_aranges
                0x000009d0       0x48 Libraries\FEHAccel.o
 .debug_aranges
                0x00000a18       0x38 Libraries\FEHBattery.o
 .debug_aranges
                0x00000a50       0x58 Drivers\FEHXBee.o
 .debug_aranges
                0x00000aa8       0xa8 Libraries\FEHRPS.o
 .debug_aranges
                0x00000b50       0x50 Libraries\FEHSD.o
 .debug_aranges
                0x00000ba0       0x20 O:\fehqt\Proteus/EWL/lib/armv7e-m\libc.a(exit.o)
 .debug_aranges
                0x00000bc0       0x20 O:\fehqt\Proteus/EWL/lib/armv7e-m\libc.a(memset.o)
 .debug_aranges
                0x00000be0       0x20 O:\fehqt\Proteus/EWL/lib/armv7e-m\libc.a(strlen.o)
 .debug_aranges
                0x00000c00       0x28 O:\fehqt\Proteus/EWL/lib/armv7e-m\libc.a(printformat_.o)
 .debug_aranges
                0x00000c28       0x20 O:\fehqt\Proteus/EWL/lib/armv7e-m\libc.a(scanformat_.o)
 .debug_aranges
                0x00000c48       0x88 O:\fehqt\Proteus/EWL/lib/armv7e-m\libc.a(ctype_aeabi.o)
 .debug_aranges
                0x00000cd0       0x20 O:\fehqt\Proteus/EWL/lib/armv7e-m\libc.a(__strtoul.o)
 .debug_aranges
                0x00000cf0       0x20 O:\fehqt\Proteus/EWL/lib/armv7e-m\libc.a(__filll_mem.o)
 .debug_aranges
                0x00000d10       0x20 O:\fehqt\Proteus/EWL/lib/armv7e-m\libc.a(memchr.o)
 .debug_aranges
                0x00000d30       0x20 O:\fehqt\Proteus/EWL/lib/armv7e-m\libc.a(strchr.o)
 .debug_aranges
                0x00000d50       0x28 O:\fehqt\Proteus/EWL/lib/armv7e-m\librt.a(gcc_ctor_dtor.o)
 .debug_aranges
                0x00000d78       0x30 O:\fehqt\Proteus/EWL/lib/armv7e-m\librt.a(ROMCopy.o)
 .debug_aranges
                0x00000da8       0x58 O:\fehqt\Proteus/EWL/lib/armv7e-m\librt.a(__arm_eabi_init.o)

.debug_line     0x00000000     0x736e
 .debug_line    0x00000000      0x36a ..\main.o
 .debug_line    0x0000036a      0x3ad Startup\__arm_start.o
 .debug_line    0x00000717      0x21a Startup\__arm_end.o
 .debug_line    0x00000931      0x283 Startup\kinetis_sysinit.o
 .debug_line    0x00000bb4      0x237 Libraries\FEHMotor.o
 .debug_line    0x00000deb      0x2ad Drivers\i2c.o
 .debug_line    0x00001098      0x295 Drivers\spi.o
 .debug_line    0x0000132d      0x212 Drivers\uart.o
 .debug_line    0x0000153f     0x1114 Drivers\ff.o
 .debug_line    0x00002653      0x678 Drivers\SDHC.o
 .debug_line    0x00002ccb      0x1c0 Drivers\lptmr.o
 .debug_line    0x00002e8b      0x1da FEHProteus.o
 .debug_line    0x00003065      0x264 Drivers\FEHPropeller.o
 .debug_line    0x000032c9      0x282 Libraries\FEHUtility.o
 .debug_line    0x0000354b      0x6ee Libraries\FEHIO.o
 .debug_line    0x00003c39      0x20f Drivers\adc16.o
 .debug_line    0x00003e48      0x2df Libraries\FEHBuzzer.o
 .debug_line    0x00004127     0x1151 Libraries\FEHLCD.o
 .debug_line    0x00005278      0x23f Libraries\FEHAccel.o
 .debug_line    0x000054b7      0x218 Libraries\FEHBattery.o
 .debug_line    0x000056cf      0x349 Drivers\FEHXBee.o
 .debug_line    0x00005a18      0x6fa Libraries\FEHRPS.o
 .debug_line    0x00006112      0x334 Libraries\FEHSD.o
 .debug_line    0x00006446       0x94 O:\fehqt\Proteus/EWL/lib/armv7e-m\libc.a(exit.o)
 .debug_line    0x000064da       0x8f O:\fehqt\Proteus/EWL/lib/armv7e-m\libc.a(memset.o)
 .debug_line    0x00006569       0x89 O:\fehqt\Proteus/EWL/lib/armv7e-m\libc.a(strlen.o)
 .debug_line    0x000065f2      0x2c6 O:\fehqt\Proteus/EWL/lib/armv7e-m\libc.a(printformat_.o)
 .debug_line    0x000068b8      0x2e3 O:\fehqt\Proteus/EWL/lib/armv7e-m\libc.a(scanformat_.o)
 .debug_line    0x00006b9b      0x1dd O:\fehqt\Proteus/EWL/lib/armv7e-m\libc.a(ctype_aeabi.o)
 .debug_line    0x00006d78      0x141 O:\fehqt\Proteus/EWL/lib/armv7e-m\libc.a(__strtoul.o)
 .debug_line    0x00006eb9      0x121 O:\fehqt\Proteus/EWL/lib/armv7e-m\libc.a(__filll_mem.o)
 .debug_line    0x00006fda       0xa3 O:\fehqt\Proteus/EWL/lib/armv7e-m\libc.a(memchr.o)
 .debug_line    0x0000707d       0x84 O:\fehqt\Proteus/EWL/lib/armv7e-m\libc.a(strchr.o)
 .debug_line    0x00007101       0x94 O:\fehqt\Proteus/EWL/lib/armv7e-m\librt.a(gcc_ctor_dtor.o)
 .debug_line    0x00007195       0xc0 O:\fehqt\Proteus/EWL/lib/armv7e-m\librt.a(ROMCopy.o)
 .debug_line    0x00007255      0x119 O:\fehqt\Proteus/EWL/lib/armv7e-m\librt.a(__arm_eabi_init.o)

.debug_macinfo  0x00000000   0x836b3f
 .debug_macinfo
                0x00000000    0x643be ..\main.o
 .debug_macinfo
                0x000643be    0x647fb Startup\__arm_start.o
 .debug_macinfo
                0x000c8bb9     0x3464 Startup\__arm_end.o
 .debug_macinfo
                0x000cc01d    0x64cce Startup\kinetis_sysinit.o
 .debug_macinfo
                0x00130ceb    0x6305c Libraries\FEHMotor.o
 .debug_macinfo
                0x00193d47    0x6318f Drivers\i2c.o
 .debug_macinfo
                0x001f6ed6    0x62fd6 Drivers\spi.o
 .debug_macinfo
                0x00259eac    0x62fc7 Drivers\uart.o
 .debug_macinfo
                0x002bce73     0x4396 Drivers\ff.o
 .debug_macinfo
                0x002c1209    0x6452b Drivers\SDHC.o
 .debug_macinfo
                0x00325734    0x63036 Drivers\lptmr.o
 .debug_macinfo
                0x0038876a    0x62fdc FEHProteus.o
 .debug_macinfo
                0x003eb746    0x63085 Drivers\FEHPropeller.o
 .debug_macinfo
                0x0044e7cb    0x62ff1 Libraries\FEHUtility.o
 .debug_macinfo
                0x004b17bc    0x64348 Libraries\FEHIO.o
 .debug_macinfo
                0x00515b04    0x63678 Drivers\adc16.o
 .debug_macinfo
                0x0057917c    0x6301e Libraries\FEHBuzzer.o
 .debug_macinfo
                0x005dc19a    0x649ab Libraries\FEHLCD.o
 .debug_macinfo
                0x00640b45    0x631be Libraries\FEHAccel.o
 .debug_macinfo
                0x006a3d03    0x636a3 Libraries\FEHBattery.o
 .debug_macinfo
                0x007073a6    0x63d5d Drivers\FEHXBee.o
 .debug_macinfo
                0x0076b103    0x661ab Libraries\FEHRPS.o
 .debug_macinfo
                0x007d12ae    0x65891 Libraries\FEHSD.o

.debug_str      0x00000000     0x4a11
 .debug_str     0x00000000      0xf5d ..\main.o
                                0xff1 (size before relaxing)
 .debug_str     0x00000f5d      0x361 Startup\__arm_start.o
                                0xe4b (size before relaxing)
 .debug_str     0x000012be       0x23 Startup\__arm_end.o
                                 0x9f (size before relaxing)
 .debug_str     0x000012e1      0x1d6 Startup\kinetis_sysinit.o
                                0x34a (size before relaxing)
 .debug_str     0x000014b7       0x2f Libraries\FEHMotor.o
                                0x2bd (size before relaxing)
 .debug_str     0x000014e6      0x11a Drivers\i2c.o
                                0x1e6 (size before relaxing)
 .debug_str     0x00001600      0x18b Drivers\spi.o
                                0x39f (size before relaxing)
 .debug_str     0x0000178b      0x188 Drivers\uart.o
                                0x334 (size before relaxing)
 .debug_str     0x00001913      0x6b5 Drivers\ff.o
                                0x837 (size before relaxing)
 .debug_str     0x00001fc8      0x546 Drivers\SDHC.o
                                0x80d (size before relaxing)
 .debug_str     0x0000250e       0x5a Drivers\lptmr.o
                                0x1ed (size before relaxing)
 .debug_str     0x00002568       0x28 FEHProteus.o
                                0x239 (size before relaxing)
 .debug_str     0x00002590       0x25 Drivers\FEHPropeller.o
                                0x37a (size before relaxing)
 .debug_str     0x000025b5       0xc0 Libraries\FEHUtility.o
                                0x1be (size before relaxing)
 .debug_str     0x00002675      0xd77 Libraries\FEHIO.o
                               0x128f (size before relaxing)
 .debug_str     0x000033ec       0xd7 Drivers\adc16.o
                                0x27e (size before relaxing)
 .debug_str     0x000034c3      0x1ba Libraries\FEHBuzzer.o
                                0x390 (size before relaxing)
 .debug_str     0x0000367d      0x471 Libraries\FEHLCD.o
                               0x10f1 (size before relaxing)
 .debug_str     0x00003aee       0x68 Libraries\FEHAccel.o
                                0x182 (size before relaxing)
 .debug_str     0x00003b56       0x5d Libraries\FEHBattery.o
                                0x343 (size before relaxing)
 .debug_str     0x00003bb3      0x1f6 Drivers\FEHXBee.o
                                0x529 (size before relaxing)
 .debug_str     0x00003da9      0x35e Libraries\FEHRPS.o
                               0x14e6 (size before relaxing)
 .debug_str     0x00004107       0x75 Libraries\FEHSD.o
                                0xf0e (size before relaxing)
 .debug_str     0x0000417c       0xbd O:\fehqt\Proteus/EWL/lib/armv7e-m\libc.a(exit.o)
                                0x14e (size before relaxing)
 .debug_str     0x00004239       0x1c O:\fehqt\Proteus/EWL/lib/armv7e-m\libc.a(memset.o)
                                0x140 (size before relaxing)
 .debug_str     0x00004255       0x24 O:\fehqt\Proteus/EWL/lib/armv7e-m\libc.a(strlen.o)
                                0x140 (size before relaxing)
 .debug_str     0x00004279      0x21a O:\fehqt\Proteus/EWL/lib/armv7e-m\libc.a(printformat_.o)
                                0x3aa (size before relaxing)
 .debug_str     0x00004493      0x17b O:\fehqt\Proteus/EWL/lib/armv7e-m\libc.a(scanformat_.o)
                                0x3f0 (size before relaxing)
 .debug_str     0x0000460e       0x9d O:\fehqt\Proteus/EWL/lib/armv7e-m\libc.a(ctype_aeabi.o)
                                0x1b3 (size before relaxing)
 .debug_str     0x000046ab       0x55 O:\fehqt\Proteus/EWL/lib/armv7e-m\libc.a(__strtoul.o)
                                0x1f2 (size before relaxing)
 .debug_str     0x00004700       0x25 O:\fehqt\Proteus/EWL/lib/armv7e-m\libc.a(__filll_mem.o)
                                0x152 (size before relaxing)
 .debug_str     0x00004725       0x1c O:\fehqt\Proteus/EWL/lib/armv7e-m\libc.a(memchr.o)
                                0x148 (size before relaxing)
 .debug_str     0x00004741       0x1c O:\fehqt\Proteus/EWL/lib/armv7e-m\libc.a(strchr.o)
                                0x137 (size before relaxing)
 .debug_str     0x0000475d      0x126 O:\fehqt\Proteus/EWL/lib/armv7e-m\librt.a(gcc_ctor_dtor.o)
                                0x185 (size before relaxing)
 .debug_str     0x00004883       0x9b O:\fehqt\Proteus/EWL/lib/armv7e-m\librt.a(ROMCopy.o)
                                0x140 (size before relaxing)
 .debug_str     0x0000491e       0xf3 O:\fehqt\Proteus/EWL/lib/armv7e-m\librt.a(__arm_eabi_init.o)
                                0x1ac (size before relaxing)

.comment        0x00000000       0x79
 .comment       0x00000000       0x79 ..\main.o
                                 0x7a (size before relaxing)
 .comment       0x00000000       0x7a Startup\__arm_start.o
 .comment       0x00000000       0x7a Startup\__arm_end.o
 .comment       0x00000000       0x7a Startup\kinetis_sysinit.o
 .comment       0x00000000       0x7a Libraries\FEHMotor.o
 .comment       0x00000000       0x7a Drivers\i2c.o
 .comment       0x00000000       0x7a Drivers\spi.o
 .comment       0x00000000       0x7a Drivers\uart.o
 .comment       0x00000000       0x7a Drivers\ff.o
 .comment       0x00000000       0x7a Drivers\SDHC.o
 .comment       0x00000000       0x7a Drivers\lptmr.o
 .comment       0x00000000       0x7a FEHProteus.o
 .comment       0x00000000       0x7a Drivers\FEHPropeller.o
 .comment       0x00000000       0x7a Libraries\FEHUtility.o
 .comment       0x00000000       0x7a Libraries\FEHIO.o
 .comment       0x00000000       0x7a Drivers\adc16.o
 .comment       0x00000000       0x7a Libraries\FEHBuzzer.o
 .comment       0x00000000       0x7a Libraries\FEHLCD.o
 .comment       0x00000000       0x7a Libraries\FEHAccel.o
 .comment       0x00000000       0x7a Libraries\FEHBattery.o
 .comment       0x00000000       0x7a Drivers\FEHXBee.o
 .comment       0x00000000       0x7a Libraries\FEHRPS.o
 .comment       0x00000000       0x7a Libraries\FEHSD.o
 .comment       0x00000000       0x7a O:\fehqt\Proteus/EWL/lib/armv7e-m\libc.a(exit.o)
 .comment       0x00000000       0x7a O:\fehqt\Proteus/EWL/lib/armv7e-m\libc.a(memset.o)
 .comment       0x00000000       0x7a O:\fehqt\Proteus/EWL/lib/armv7e-m\libc.a(strlen.o)
 .comment       0x00000000       0x7a O:\fehqt\Proteus/EWL/lib/armv7e-m\libc.a(printformat_.o)
 .comment       0x00000000       0x7a O:\fehqt\Proteus/EWL/lib/armv7e-m\libc.a(scanformat_.o)
 .comment       0x00000000       0x7a O:\fehqt\Proteus/EWL/lib/armv7e-m\libc.a(ctype_aeabi.o)
 .comment       0x00000000       0x7a O:\fehqt\Proteus/EWL/lib/armv7e-m\libc.a(__strtoul.o)
 .comment       0x00000000       0x7a O:\fehqt\Proteus/EWL/lib/armv7e-m\libc.a(__filll_mem.o)
 .comment       0x00000000       0x7a O:\fehqt\Proteus/EWL/lib/armv7e-m\libc.a(memchr.o)
 .comment       0x00000000       0x7a O:\fehqt\Proteus/EWL/lib/armv7e-m\libc.a(strchr.o)
 .comment       0x00000000       0x7a O:\fehqt\Proteus/EWL/lib/armv7e-m\librt.a(gcc_ctor_dtor.o)
 .comment       0x00000000       0x7a O:\fehqt\Proteus/EWL/lib/armv7e-m\librt.a(ROMCopy.o)
 .comment       0x00000000       0x7a O:\fehqt\Proteus/EWL/lib/armv7e-m\librt.a(__arm_eabi_init.o)

.debug_frame    0x00000000     0x2964
 .debug_frame   0x00000000      0x188 ..\main.o
 .debug_frame   0x00000188       0x98 Startup\__arm_start.o
 .debug_frame   0x00000220       0x2c Startup\__arm_end.o
 .debug_frame   0x0000024c       0x5c Startup\kinetis_sysinit.o
 .debug_frame   0x000002a8       0x94 Libraries\FEHMotor.o
 .debug_frame   0x0000033c       0x88 Drivers\i2c.o
 .debug_frame   0x000003c4       0xf8 Drivers\spi.o
 .debug_frame   0x000004bc       0x84 Drivers\uart.o
 .debug_frame   0x00000540      0x5e8 Drivers\ff.o
 .debug_frame   0x00000b28      0x1e8 Drivers\SDHC.o
 .debug_frame   0x00000d10       0x2c Drivers\lptmr.o
 .debug_frame   0x00000d3c       0x4c FEHProteus.o
 .debug_frame   0x00000d88       0xa8 Drivers\FEHPropeller.o
 .debug_frame   0x00000e30       0xf8 Libraries\FEHUtility.o
 .debug_frame   0x00000f28      0x4e8 Libraries\FEHIO.o
 .debug_frame   0x00001410       0x64 Drivers\adc16.o
 .debug_frame   0x00001474      0x1c8 Libraries\FEHBuzzer.o
 .debug_frame   0x0000163c      0x9c0 Libraries\FEHLCD.o
 .debug_frame   0x00001ffc       0xd8 Libraries\FEHAccel.o
 .debug_frame   0x000020d4       0x8c Libraries\FEHBattery.o
 .debug_frame   0x00002160       0xfc Drivers\FEHXBee.o
 .debug_frame   0x0000225c      0x22c Libraries\FEHRPS.o
 .debug_frame   0x00002488       0xf0 Libraries\FEHSD.o
 .debug_frame   0x00002578       0x28 O:\fehqt\Proteus/EWL/lib/armv7e-m\libc.a(exit.o)
 .debug_frame   0x000025a0       0x28 O:\fehqt\Proteus/EWL/lib/armv7e-m\libc.a(memset.o)
 .debug_frame   0x000025c8       0x20 O:\fehqt\Proteus/EWL/lib/armv7e-m\libc.a(strlen.o)
 .debug_frame   0x000025e8       0x64 O:\fehqt\Proteus/EWL/lib/armv7e-m\libc.a(printformat_.o)
 .debug_frame   0x0000264c       0x3c O:\fehqt\Proteus/EWL/lib/armv7e-m\libc.a(scanformat_.o)
 .debug_frame   0x00002688       0xf0 O:\fehqt\Proteus/EWL/lib/armv7e-m\libc.a(ctype_aeabi.o)
 .debug_frame   0x00002778       0x3c O:\fehqt\Proteus/EWL/lib/armv7e-m\libc.a(__strtoul.o)
 .debug_frame   0x000027b4       0x2c O:\fehqt\Proteus/EWL/lib/armv7e-m\libc.a(__filll_mem.o)
 .debug_frame   0x000027e0       0x28 O:\fehqt\Proteus/EWL/lib/armv7e-m\libc.a(memchr.o)
 .debug_frame   0x00002808       0x20 O:\fehqt\Proteus/EWL/lib/armv7e-m\libc.a(strchr.o)
 .debug_frame   0x00002828       0x48 O:\fehqt\Proteus/EWL/lib/armv7e-m\librt.a(gcc_ctor_dtor.o)
 .debug_frame   0x00002870       0x48 O:\fehqt\Proteus/EWL/lib/armv7e-m\librt.a(ROMCopy.o)
 .debug_frame   0x000028b8       0xac O:\fehqt\Proteus/EWL/lib/armv7e-m\librt.a(__arm_eabi_init.o)
